# This file was automatically created by FeynRules 1.6.11
# Mathematica version: 9.0 for Mac OS X x86 (64-bit) (January 24, 2013)
# Date: Mon 10 Jun 2013 17:20:23


# 
# This is the logfile for the model NMSSMHET

# Authors: Yiming Zhong
# Model version: 1.0.0
# Checking the Quantum numbers
   * Electric charge defined.
# Checking the Lagrangians
   * All Lagrangians are ok.
#
# Particle definitions
#

   * No particles removed. All particles correspond to GenInt setup.

# Automatically assigned PDG numbers
   * Assigned PDG number 9000001 to particle ghG
   * Assigned PDG number 9000002 to particle ghA
   * Assigned PDG number 9000003 to particle ghZ
   * Assigned PDG number 9000004 to particle ghWp
   * Assigned PDG number 9000005 to particle ghWm


# Compulsory PDG codes:
   * Class SM leptons complete.
   * Class SM neutrinos complete.
   * Class SM quarks complete.
   * Class SM gauge bosons complete.
#
# Parameter definitions
#

   * Parameter GAGG has no value. Default value 1 assigned.
   * Parameter GAyy has no value. Default value 1 assigned.
   * Parameter GHGG has no value. Default value 1 assigned.
   * Parameter GHyy has no value. Default value 1 assigned.
   * Parameter bb has no value. Default value 1 assigned.
   * Parameter gp has no value. Default value 1 assigned.
   * Parameter gw has no value. Default value 1 assigned.


# Vertices
   * Calling FeynmanRules for 4 Lagrangians.
   * Number of classes vertices: 157
   * Number of flavored vertices: 1118
   * Saved vertices in InterfaceRun[ 1 ].
   * Checked QNumber conservation.
      - Quantum number GhostNumber conserved in all vertices.
      - Quantum number Q conserved in all vertices.
      - Quantum number Y conserved in all vertices.
   * particles.py written.
   * parameters.py written.
#
# Vertex definitions
#

   * 1118 vertices written.
   * vertices.py written.
#
# Lorentz structure definitions
#

   * 26 lorentz structures written.
   * lorentz.py written.
#
# Coupling definitions
#

   * 1574 couplings written.
   * couplings.py written.
#
# Coupling order definitions
#

   * 0 couplings orders written.
   * coupling_orders.py written.
